\BOOKMARK [0][-]{chapter*.1}{\376\377\000A\000b\000s\000t\000r\000a\000c\000t}{}% 1
\BOOKMARK [0][-]{section*.2}{\376\377\000D\000e\000d\000i\000c\000a\000t\000i\000o\000n}{}% 2
\BOOKMARK [0][-]{chapter*.3}{\376\377\000A\000c\000k\000n\000o\000w\000l\000e\000d\000g\000m\000e\000n\000t\000s}{}% 3
\BOOKMARK [0][-]{chapter*.4}{\376\377\000V\000i\000t\000a}{}% 4
\BOOKMARK [0][-]{chapter*.6}{\376\377\000L\000i\000s\000t\000\040\000o\000f\000\040\000F\000i\000g\000u\000r\000e\000s}{}% 5
\BOOKMARK [0][-]{chapter.1}{\376\377\000I\000n\000t\000r\000o\000d\000u\000c\000t\000i\000o\000n}{}% 6
\BOOKMARK [1][-]{section.1.1}{\376\377\000A\000\040\000R\000e\000v\000i\000e\000w\000\040\000o\000f\000\040\000D\000e\000n\000s\000i\000t\000y\000\040\000E\000s\000t\000i\000m\000a\000t\000i\000o\000n\000\040\000M\000e\000t\000h\000o\000d\000s}{chapter.1}% 7
\BOOKMARK [2][-]{subsection.1.1.1}{\376\377\000P\000a\000r\000a\000m\000e\000t\000r\000i\000c\000\040\000A\000p\000p\000r\000o\000a\000c\000h}{section.1.1}% 8
\BOOKMARK [2][-]{subsection.1.1.2}{\376\377\000N\000o\000n\000p\000a\000r\000a\000m\000e\000t\000r\000i\000c\000\040\000A\000p\000p\000r\000o\000a\000c\000h}{section.1.1}% 9
\BOOKMARK [3][-]{subsubsection.1.1.2.1}{\376\377\000N\000o\000n\000p\000a\000r\000a\000m\000e\000t\000r\000i\000c\000\040\000M\000a\000x\000i\000m\000u\000m\000\040\000L\000i\000k\000e\000l\000i\000h\000o\000o\000d\000\040\000D\000e\000n\000s\000i\000t\000y\000\040\000E\000s\000t\000i\000m\000a\000t\000i\000o\000n}{subsection.1.1.2}% 10
\BOOKMARK [3][-]{subsubsection.1.1.2.2}{\376\377\000N\000o\000n\000p\000a\000r\000a\000m\000e\000t\000r\000i\000c\000\040\000S\000c\000o\000r\000e\000\040\000M\000a\000t\000c\000h\000i\000n\000g\000\040\000D\000e\000n\000s\000i\000t\000y\000\040\000E\000s\000t\000i\000m\000a\000t\000i\000o\000n}{subsection.1.1.2}% 11
\BOOKMARK [1][-]{section.1.2}{\376\377\000N\000o\000n\000p\000a\000r\000a\000m\000e\000t\000r\000i\000c\000\040\000D\000e\000n\000s\000i\000t\000y\000\040\000E\000s\000t\000i\000m\000a\000t\000i\000o\000n\000\040\000i\000n\000\040\000K\000e\000r\000n\000e\000l\000\040\000E\000x\000p\000o\000n\000e\000n\000t\000i\000a\000l\000\040\000F\000a\000m\000i\000l\000i\000e\000s}{chapter.1}% 12
\BOOKMARK [1][-]{section.1.3}{\376\377\000O\000r\000g\000a\000n\000i\000z\000a\000t\000i\000o\000n\000\040\000o\000f\000\040\000t\000h\000e\000\040\000R\000e\000m\000a\000i\000n\000i\000n\000g\000\040\000D\000i\000s\000s\000e\000r\000t\000a\000t\000i\000o\000n}{chapter.1}% 13
\BOOKMARK [0][-]{chapter.2}{\376\377\000D\000e\000n\000s\000i\000t\000y\000\040\000E\000s\000t\000i\000m\000a\000t\000i\000o\000n\000\040\000i\000n\000\040\000K\000e\000r\000n\000e\000l\000\040\000E\000x\000p\000o\000n\000e\000n\000t\000i\000a\000l\000\040\000F\000a\000m\000i\000l\000i\000e\000s}{}% 14
\BOOKMARK [1][-]{section.2.1}{\376\377\000K\000e\000r\000n\000e\000l\000\040\000E\000x\000p\000o\000n\000e\000n\000t\000i\000a\000l\000\040\000F\000a\000m\000i\000l\000i\000e\000s}{chapter.2}% 15
\BOOKMARK [2][-]{subsection.2.1.1}{\376\377\000A\000\040\000R\000e\000v\000i\000e\000w\000\040\000o\000f\000\040\000F\000i\000n\000i\000t\000e\000-\000d\000i\000m\000e\000n\000s\000i\000o\000n\000a\000l\000\040\000E\000x\000p\000o\000n\000e\000n\000t\000i\000a\000l\000\040\000F\000a\000m\000i\000l\000y}{section.2.1}% 16
\BOOKMARK [2][-]{subsection.2.1.2}{\376\377\000K\000e\000r\000n\000e\000l\000\040\000E\000x\000p\000o\000n\000e\000n\000t\000i\000a\000l\000\040\000F\000a\000m\000i\000l\000y}{section.2.1}% 17
\BOOKMARK [2][-]{subsection.2.1.3}{\376\377\000P\000r\000o\000p\000e\000r\000t\000i\000e\000s\000\040\000o\000f\000\040\000K\000e\000r\000n\000e\000l\000\040\000E\000x\000p\000o\000n\000e\000n\000t\000i\000a\000l\000\040\000F\000a\000m\000i\000l\000i\000e\000s}{section.2.1}% 18
\BOOKMARK [3][-]{subsubsection.2.1.3.1}{\376\377\000C\000h\000a\000r\000a\000c\000t\000e\000r\000i\000z\000a\000t\000i\000o\000n\000\040\000o\000f\000\040\000t\000h\000e\000\040\000N\000a\000t\000u\000r\000a\000l\000\040\000P\000a\000r\000a\000m\000e\000t\000e\000r\000\040\000S\000p\000a\000c\000e\000\040\000f\000o\000r\000\040\000B\000o\000u\000n\000d\000e\000d\000\040\000K\000e\000r\000n\000e\000l\000s}{subsection.2.1.3}% 19
\BOOKMARK [3][-]{subsubsection.2.1.3.2}{\376\377\000C\000o\000n\000v\000e\000x\000i\000t\000y\000\040\000o\000f\000\040\000t\000h\000e\000\040\000L\000o\000g\000-\000p\000a\000r\000t\000i\000t\000i\000o\000n\000\040\000F\000u\000n\000c\000t\000i\000o\000n\000a\000l}{subsection.2.1.3}% 20
\BOOKMARK [3][-]{subsubsection.2.1.3.3}{\376\377\000D\000i\000f\000f\000e\000r\000e\000n\000t\000i\000a\000l\000\040\000P\000r\000o\000p\000e\000r\000t\000i\000e\000s\000\040\000o\000f\000\040\000t\000h\000e\000\040\000L\000o\000g\000-\000p\000a\000r\000t\000i\000t\000i\000o\000n\000\040\000F\000u\000n\000c\000t\000i\000o\000n\000a\000l}{subsection.2.1.3}% 21
\BOOKMARK [2][-]{subsection.2.1.4}{\376\377\000C\000o\000n\000n\000e\000c\000t\000i\000o\000n\000\040\000t\000o\000\040\000F\000i\000n\000i\000t\000e\000-\000d\000i\000m\000e\000n\000s\000i\000o\000n\000a\000l\000\040\000E\000x\000p\000o\000n\000e\000n\000t\000i\000a\000l\000\040\000F\000a\000m\000i\000l\000i\000e\000s}{section.2.1}% 22
\BOOKMARK [2][-]{subsection.2.1.5}{\376\377\000A\000s\000s\000u\000m\000p\000t\000i\000o\000n\000s\000\040\000a\000n\000d\000\040\000T\000h\000e\000i\000r\000\040\000I\000m\000p\000l\000i\000c\000a\000t\000i\000o\000n\000s}{section.2.1}% 23
\BOOKMARK [1][-]{section.2.2}{\376\377\000N\000o\000n\000p\000a\000r\000a\000m\000e\000t\000r\000i\000c\000\040\000D\000e\000n\000s\000i\000t\000y\000\040\000E\000s\000t\000i\000m\000a\000t\000i\000o\000n\000\040\000i\000n\000\040\000K\000e\000r\000n\000e\000l\000\040\000E\000x\000p\000o\000n\000e\000n\000t\000i\000a\000l\000\040\000F\000a\000m\000i\000l\000i\000e\000s}{chapter.2}% 24
\BOOKMARK [2][-]{subsection.2.2.1}{\376\377\000D\000e\000n\000s\000i\000t\000y\000\040\000E\000s\000t\000i\000m\000a\000t\000i\000o\000n\000\040\000U\000s\000i\000n\000g\000\040\000t\000h\000e\000\040\000N\000e\000g\000a\000t\000i\000v\000e\000\040\000L\000o\000g\000-\000l\000i\000k\000e\000l\000i\000h\000o\000o\000d\000\040\000L\000o\000s\000s\000\040\000F\000u\000n\000c\000t\000i\000o\000n\000a\000l}{section.2.2}% 25
\BOOKMARK [2][-]{subsection.2.2.2}{\376\377\000D\000e\000n\000s\000i\000t\000y\000\040\000E\000s\000t\000i\000m\000a\000t\000i\000o\000n\000\040\000U\000s\000i\000n\000g\000\040\000t\000h\000e\000\040\000S\000c\000o\000r\000e\000\040\000M\000a\000t\000c\000h\000i\000n\000g\000\040\000L\000o\000s\000s\000\040\000F\000u\000n\000c\000t\000i\000o\000n\000a\000l}{section.2.2}% 26
\BOOKMARK [1][-]{section.2.3}{\376\377\000P\000r\000o\000o\000f\000s}{chapter.2}% 27
\BOOKMARK [2][-]{subsection.2.3.1}{\376\377\000P\000r\000o\000o\000f\000\040\000o\000f\000\040\000P\000r\000o\000p\000o\000s\000i\000t\000i\000o\000n\000\040\0002\000.\0001}{section.2.3}% 28
\BOOKMARK [2][-]{subsection.2.3.2}{\376\377\000P\000r\000o\000o\000f\000\040\000o\000f\000\040\000P\000r\000o\000p\000o\000s\000i\000t\000i\000o\000n\000\040\0002\000.\0002}{section.2.3}% 29
\BOOKMARK [2][-]{subsection.2.3.3}{\376\377\000P\000r\000o\000o\000f\000\040\000o\000f\000\040\000L\000e\000m\000m\000a\000\040\0002\000.\0001}{section.2.3}% 30
\BOOKMARK [2][-]{subsection.2.3.4}{\376\377\000P\000r\000o\000o\000f\000\040\000o\000f\000\040\000P\000r\000o\000p\000o\000s\000i\000t\000i\000o\000n\000\040\0002\000.\0003}{section.2.3}% 31
\BOOKMARK [2][-]{subsection.2.3.5}{\376\377\000P\000r\000o\000o\000f\000\040\000o\000f\000\040\000P\000r\000o\000p\000o\000s\000i\000t\000i\000o\000n\000\040\0002\000.\0005}{section.2.3}% 32
\BOOKMARK [0][-]{chapter.3}{\376\377\000E\000a\000r\000l\000y\000\040\000S\000t\000o\000p\000p\000i\000n\000g\000\040\000S\000c\000o\000r\000e\000\040\000M\000a\000t\000c\000h\000i\000n\000g\000\040\000D\000e\000n\000s\000i\000t\000y\000\040\000E\000s\000t\000i\000m\000a\000t\000o\000r}{}% 33
\BOOKMARK [1][-]{section.3.1}{\376\377\000A\000n\000\040\000O\000v\000e\000r\000v\000i\000e\000w}{chapter.3}% 34
\BOOKMARK [1][-]{section.3.2}{\376\377\000E\000a\000r\000l\000y\000\040\000S\000t\000o\000p\000p\000i\000n\000g\000\040\000S\000c\000o\000r\000e\000\040\000M\000a\000t\000c\000h\000i\000n\000g\000\040\000D\000e\000n\000s\000i\000t\000y\000\040\000E\000s\000t\000i\000m\000a\000t\000o\000r}{chapter.3}% 35
\BOOKMARK [2][-]{subsection.3.2.1}{\376\377\000C\000o\000m\000p\000u\000t\000a\000t\000i\000o\000n}{section.3.2}% 36
\BOOKMARK [3][-]{subsubsection.3.2.1.1}{\376\377\000T\000h\000e\000\040\000F\000i\000r\000s\000t\000\040\000A\000l\000g\000o\000r\000i\000t\000h\000m}{subsection.3.2.1}% 37
\BOOKMARK [3][-]{subsubsection.3.2.1.2}{\376\377\000T\000h\000e\000\040\000S\000e\000c\000o\000n\000d\000\040\000A\000l\000g\000o\000r\000i\000t\000h\000m}{subsection.3.2.1}% 38
\BOOKMARK [2][-]{subsection.3.2.2}{\376\377\000N\000u\000m\000e\000r\000i\000c\000a\000l\000\040\000E\000x\000a\000m\000p\000l\000e\000s}{section.3.2}% 39
\BOOKMARK [2][-]{subsection.3.2.3}{\376\377\000W\000h\000e\000n\000\040\000t\000o\000\040\000T\000e\000r\000m\000i\000n\000a\000t\000e\000\040\000t\000h\000e\000\040\000A\000l\000g\000o\000r\000i\000t\000h\000m}{section.3.2}% 40
\BOOKMARK [1][-]{section.3.3}{\376\377\000T\000h\000e\000o\000r\000e\000t\000i\000c\000a\000l\000\040\000P\000r\000o\000p\000e\000r\000t\000i\000e\000s}{chapter.3}% 41
\BOOKMARK [2][-]{subsection.3.3.1}{\376\377\000D\000e\000n\000s\000i\000t\000y\000\040\000E\000s\000t\000i\000m\000a\000t\000o\000r\000\040\000W\000i\000t\000h\000o\000u\000t\000\040\000T\000e\000r\000m\000i\000n\000a\000t\000i\000o\000n}{section.3.3}% 42
\BOOKMARK [3][-]{subsubsection.3.3.1.1}{\376\377\000D\000e\000c\000o\000m\000p\000o\000s\000i\000t\000i\000o\000n\000\040\000o\000f\000\040\000G\000r\000a\000d\000i\000e\000n\000t\000\040\000D\000e\000s\000c\000e\000n\000t\000\040\000I\000t\000e\000r\000a\000t\000e\000s}{subsection.3.3.1}% 43
\BOOKMARK [3][-]{subsubsection.3.3.1.2}{\376\377\000N\000u\000m\000e\000r\000i\000c\000a\000l\000\040\000I\000l\000l\000u\000s\000t\000r\000a\000t\000i\000o\000n\000\040\000o\000f\000\040\000T\000h\000e\000o\000r\000e\000m\000\040\0003\000.\0005}{subsection.3.3.1}% 44
\BOOKMARK [2][-]{subsection.3.3.2}{\376\377\000R\000a\000t\000e\000\040\000o\000f\000\040\000C\000o\000n\000v\000e\000r\000g\000e\000n\000c\000e}{section.3.3}% 45
\BOOKMARK [3][-]{subsubsection.3.3.2.1}{\376\377\000A\000n\000\040\000U\000p\000p\000e\000r\000\040\000B\000o\000u\000n\000d\000\040\000o\000n\000\040\000t\000h\000e\000\040\000A\000p\000p\000r\000o\000x\000i\000m\000a\000t\000i\000o\000n\000\040\000E\000r\000r\000o\000r}{subsection.3.3.2}% 46
\BOOKMARK [3][-]{subsubsection.3.3.2.2}{\376\377\000A\000n\000\040\000U\000p\000p\000e\000r\000\040\000B\000o\000u\000n\000d\000\040\000o\000n\000\040\000t\000h\000e\000\040\000S\000a\000m\000p\000l\000e\000\040\000E\000r\000r\000o\000r}{subsection.3.3.2}% 47
\BOOKMARK [3][-]{subsubsection.3.3.2.3}{\376\377\000U\000p\000p\000e\000r\000\040\000B\000o\000u\000n\000d\000s\000\040\000o\000n\000\040\000t\000h\000e\000\040\000D\000i\000s\000t\000a\000n\000c\000e\000s\000\040\000b\000e\000t\000w\000e\000e\000n\000\040\000D\000e\000n\000s\000i\000t\000i\000e\000s}{subsection.3.3.2}% 48
\BOOKMARK [3][-]{subsubsection.3.3.2.4}{\376\377\000D\000i\000s\000c\000u\000s\000s\000i\000o\000n\000\040\000o\000n\000\040\000\050\000B\0007\000\051}{subsection.3.3.2}% 49
\BOOKMARK [1][-]{section.3.4}{\376\377\000C\000o\000m\000p\000a\000r\000i\000s\000o\000n\000\040\000t\000o\000\040\000P\000e\000n\000a\000l\000i\000z\000e\000d\000\040\000S\000c\000o\000r\000e\000\040\000M\000a\000t\000c\000h\000i\000n\000g\000\040\000D\000e\000n\000s\000i\000t\000y\000\040\000E\000s\000t\000i\000m\000a\000t\000o\000r}{chapter.3}% 50
\BOOKMARK [2][-]{subsection.3.4.1}{\376\377\000E\000a\000r\000l\000y\000\040\000S\000t\000o\000p\000p\000i\000n\000g\000\040\000D\000e\000n\000s\000i\000t\000y\000\040\000E\000s\000t\000i\000m\000a\000t\000o\000r\000\040\000a\000s\000\040\000t\000h\000e\000\040\000S\000o\000l\000u\000t\000i\000o\000n\000\040\000o\000f\000\040\000a\000\040\000P\000e\000n\000a\000l\000i\000z\000e\000d\000\040\000S\000c\000o\000r\000e\000\040\000M\000a\000t\000c\000h\000i\000n\000g\000\040\000L\000o\000s\000s\000\040\000F\000u\000n\000c\000t\000i\000o\000n\000a\000l}{section.3.4}% 51
\BOOKMARK [2][-]{subsection.3.4.2}{\376\377\000D\000e\000n\000s\000i\000t\000y\000\040\000E\000s\000t\000i\000m\000a\000t\000o\000r\000\040\000W\000i\000t\000h\000o\000u\000t\000\040\000P\000e\000n\000a\000l\000i\000z\000a\000t\000i\000o\000n}{section.3.4}% 52
\BOOKMARK [2][-]{subsection.3.4.3}{\376\377\000C\000o\000m\000p\000a\000r\000i\000s\000o\000n\000\040\000t\000h\000r\000o\000u\000g\000h\000\040\000E\000i\000g\000e\000n\000-\000d\000e\000c\000o\000m\000p\000o\000s\000i\000t\000i\000o\000n}{section.3.4}% 53
\BOOKMARK [2][-]{subsection.3.4.4}{\376\377\000C\000o\000m\000p\000a\000r\000i\000s\000o\000n\000\040\000o\000f\000\040\000C\000o\000n\000v\000e\000r\000g\000e\000n\000c\000e\000\040\000R\000a\000t\000e\000s}{section.3.4}% 54
\BOOKMARK [2][-]{subsection.3.4.5}{\376\377\000N\000u\000m\000e\000r\000i\000c\000a\000l\000\040\000E\000x\000a\000m\000p\000l\000e\000s}{section.3.4}% 55
\BOOKMARK [1][-]{section.3.5}{\376\377\000A\000u\000x\000i\000l\000i\000a\000r\000y\000\040\000R\000e\000s\000u\000l\000t\000s\000\040\000a\000n\000d\000\040\000P\000r\000o\000o\000f\000s}{chapter.3}% 56
\BOOKMARK [2][-]{subsection.3.5.1}{\376\377\000P\000r\000o\000o\000f\000\040\000o\000f\000\040\000T\000h\000e\000o\000r\000e\000m\000\040\0003\000.\0002}{section.3.5}% 57
\BOOKMARK [2][-]{subsection.3.5.2}{\376\377\000P\000r\000o\000o\000f\000\040\000o\000f\000\040\000T\000h\000e\000o\000r\000e\000m\000\040\0003\000.\0003}{section.3.5}% 58
\BOOKMARK [2][-]{subsection.3.5.3}{\376\377\000P\000r\000o\000o\000f\000\040\000o\000f\000\040\000T\000h\000e\000o\000r\000e\000m\000\040\0003\000.\0004}{section.3.5}% 59
\BOOKMARK [2][-]{subsection.3.5.4}{\376\377\000P\000r\000o\000o\000f\000s\000\040\000o\000f\000\040\000R\000e\000s\000u\000l\000t\000s\000\040\000i\000n\000\040\000S\000e\000c\000t\000i\000o\000n\000\040\0003\000.\0003\000.\0001}{section.3.5}% 60
\BOOKMARK [2][-]{subsection.3.5.5}{\376\377\000P\000r\000o\000o\000f\000\040\000o\000f\000\040\000T\000h\000e\000o\000r\000e\000m\000\040\0003\000.\0006}{section.3.5}% 61
\BOOKMARK [2][-]{subsection.3.5.6}{\376\377\000P\000r\000o\000o\000f\000\040\000o\000f\000\040\000T\000h\000e\000o\000r\000e\000m\000\040\0003\000.\0007}{section.3.5}% 62
\BOOKMARK [2][-]{subsection.3.5.7}{\376\377\000P\000r\000o\000o\000f\000\040\000o\000f\000\040\000T\000h\000e\000o\000r\000e\000m\000\040\0003\000.\0008}{section.3.5}% 63
\BOOKMARK [2][-]{subsection.3.5.8}{\376\377\000P\000r\000o\000o\000f\000\040\000o\000f\000\040\000C\000o\000r\000o\000l\000l\000a\000r\000y\000\040\0003\000.\0001}{section.3.5}% 64
\BOOKMARK [2][-]{subsection.3.5.9}{\376\377\000P\000r\000o\000o\000f\000\040\000o\000f\000\040\000R\000e\000s\000u\000l\000t\000s\000\040\000i\000n\000\040\000S\000e\000c\000t\000i\000o\000n\000\040\0003\000.\0004}{section.3.5}% 65
\BOOKMARK [0][-]{chapter.4}{\376\377\000C\000o\000m\000p\000a\000r\000i\000s\000o\000n\000\040\000o\000f\000\040\000R\000e\000g\000u\000l\000a\000r\000i\000z\000e\000d\000\040\000D\000e\000n\000s\000i\000t\000y\000\040\000E\000s\000t\000i\000m\000a\000t\000o\000r\000s\000\040\000i\000n\000\040\000K\000e\000r\000n\000e\000l\000\040\000E\000x\000p\000o\000n\000e\000n\000t\000i\000a\000l\000\040\000F\000a\000m\000i\000l\000i\000e\000s}{}% 66
\BOOKMARK [1][-]{section.4.1}{\376\377\000P\000e\000n\000a\000l\000i\000z\000e\000d\000\040\000M\000a\000x\000i\000m\000u\000m\000\040\000L\000i\000k\000e\000l\000i\000h\000o\000o\000d\000\040\000D\000e\000n\000s\000i\000t\000y\000\040\000E\000s\000t\000i\000m\000a\000t\000o\000r}{chapter.4}% 67
\BOOKMARK [2][-]{subsection.4.1.1}{\376\377\000F\000a\000i\000l\000u\000r\000e\000\040\000o\000f\000\040\000t\000h\000e\000\040\000R\000e\000p\000r\000e\000s\000e\000n\000t\000e\000r\000\040\000T\000h\000e\000o\000r\000e\000m}{section.4.1}% 68
\BOOKMARK [2][-]{subsection.4.1.2}{\376\377\000C\000o\000n\000s\000t\000r\000u\000c\000t\000i\000o\000n\000\040\000o\000f\000\040\000a\000\040\000F\000i\000n\000i\000t\000e\000-\000d\000i\000m\000e\000n\000s\000i\000o\000n\000a\000l\000\040\000A\000p\000p\000r\000o\000x\000i\000m\000a\000t\000i\000n\000g\000\040\000S\000p\000a\000c\000e}{section.4.1}% 69
\BOOKMARK [2][-]{subsection.4.1.3}{\376\377\000C\000o\000m\000p\000u\000t\000a\000t\000i\000o\000n\000\040\000o\000f\000\040\000t\000h\000e\000\040\000M\000i\000n\000i\000m\000i\000z\000e\000r\000\040\000o\000f\000\040\000t\000h\000e\000\040\000P\000e\000n\000a\000l\000i\000z\000e\000d\000\040\000N\000e\000g\000a\000t\000i\000v\000e\000\040\000L\000o\000g\000-\000l\000i\000k\000e\000l\000i\000h\000o\000o\000d\000\040\000L\000o\000s\000s\000\040\000F\000u\000n\000c\000t\000i\000o\000n\000a\000l}{section.4.1}% 70
\BOOKMARK [3][-]{subsubsection.4.1.3.1}{\376\377\000B\000a\000t\000c\000h\000\040\000M\000o\000n\000t\000e\000\040\000C\000a\000r\000l\000o\000\040\000A\000p\000p\000r\000o\000x\000i\000m\000a\000t\000i\000o\000n\000\040\000o\000f\000\040\000t\000h\000e\000\040\000L\000o\000g\000-\000p\000a\000r\000t\000i\000t\000i\000o\000n\000\040\000F\000u\000n\000c\000t\000i\000o\000n\000a\000l}{subsection.4.1.3}% 71
\BOOKMARK [3][-]{subsubsection.4.1.3.2}{\376\377\000G\000r\000a\000d\000i\000e\000n\000t\000\040\000D\000e\000s\000c\000e\000n\000t\000\040\000A\000l\000g\000o\000r\000i\000t\000h\000m\000\040\000t\000o\000\040\000M\000i\000n\000i\000m\000i\000z\000e\000\040\000t\000h\000e\000\040\000P\000e\000n\000a\000l\000i\000z\000e\000d\000\040\000N\000e\000g\000a\000t\000i\000v\000e\000\040\000L\000o\000g\000-\000l\000i\000k\000e\000l\000i\000h\000o\000o\000d\000\040\000L\000o\000s\000s\000\040\000F\000u\000n\000c\000t\000i\000o\000n\000a\000l}{subsection.4.1.3}% 72
\BOOKMARK [2][-]{subsection.4.1.4}{\376\377\000N\000u\000m\000e\000r\000i\000c\000a\000l\000\040\000I\000l\000l\000u\000s\000t\000r\000a\000t\000i\000o\000n}{section.4.1}% 73
\BOOKMARK [1][-]{section.4.2}{\376\377\000R\000e\000g\000u\000l\000a\000r\000i\000z\000e\000d\000\040\000S\000c\000o\000r\000e\000\040\000M\000a\000t\000c\000h\000i\000n\000g\000\040\000D\000e\000n\000s\000i\000t\000y\000\040\000E\000s\000t\000i\000m\000a\000t\000o\000r\000s\000\040\000i\000n\000\040\000a\000\040\000F\000i\000n\000i\000t\000e\000-\000d\000i\000m\000e\000n\000s\000i\000o\000n\000a\000l\000\040\000A\000p\000p\000r\000o\000x\000i\000m\000a\000t\000i\000n\000g\000\040\000S\000p\000a\000c\000e}{chapter.4}% 74
\BOOKMARK [2][-]{subsection.4.2.1}{\376\377\000P\000e\000n\000a\000l\000i\000z\000e\000d\000\040\000S\000c\000o\000r\000e\000\040\000M\000a\000t\000c\000h\000i\000n\000g\000\040\000D\000e\000n\000s\000i\000t\000y\000\040\000E\000s\000t\000i\000m\000a\000t\000o\000r}{section.4.2}% 75
\BOOKMARK [2][-]{subsection.4.2.2}{\376\377\000E\000a\000r\000l\000y\000\040\000S\000t\000o\000p\000p\000i\000n\000g\000\040\000S\000c\000o\000r\000e\000\040\000M\000a\000t\000c\000h\000i\000n\000g\000\040\000D\000e\000n\000s\000i\000t\000y\000\040\000E\000s\000t\000i\000m\000a\000t\000o\000r}{section.4.2}% 76
\BOOKMARK [1][-]{section.4.3}{\376\377\000C\000o\000m\000p\000a\000r\000i\000s\000o\000n\000\040\000o\000f\000\040\000R\000e\000g\000u\000l\000a\000r\000i\000z\000e\000d\000\040\000M\000a\000x\000i\000m\000u\000m\000\040\000L\000i\000k\000e\000l\000i\000h\000o\000o\000d\000\040\000a\000n\000d\000\040\000S\000c\000o\000r\000e\000\040\000M\000a\000t\000c\000h\000i\000n\000g\000\040\000D\000e\000n\000s\000i\000t\000y\000\040\000E\000s\000t\000i\000m\000a\000t\000o\000r\000s}{chapter.4}% 77
\BOOKMARK [1][-]{section.4.4}{\376\377\000D\000i\000s\000c\000u\000s\000s\000i\000o\000n\000\040\000o\000n\000\040\000t\000h\000e\000\040\000P\000r\000e\000s\000e\000n\000c\000e\000\040\000o\000f\000\040\000a\000\040\000S\000p\000i\000k\000e\000\040\000i\000n\000\040\000S\000c\000o\000r\000e\000\040\000M\000a\000t\000c\000h\000i\000n\000g\000\040\000D\000e\000n\000s\000i\000t\000y\000\040\000E\000s\000t\000i\000m\000a\000t\000e\000s}{chapter.4}% 78
\BOOKMARK [1][-]{section.4.5}{\376\377\000P\000r\000o\000o\000f\000s}{chapter.4}% 79
\BOOKMARK [2][-]{subsection.4.5.1}{\376\377\000P\000r\000o\000o\000f\000\040\000o\000f\000\040\000P\000r\000o\000p\000o\000s\000i\000t\000i\000o\000n\000\040\0004\000.\0001}{section.4.5}% 80
\BOOKMARK [2][-]{subsection.4.5.2}{\376\377\000D\000e\000t\000a\000i\000l\000s\000\040\000a\000b\000o\000u\000t\000\040\000E\000x\000a\000m\000p\000l\000e\000\040\0004\000.\0001}{section.4.5}% 81
\BOOKMARK [2][-]{subsection.4.5.3}{\376\377\000P\000r\000o\000o\000f\000\040\000o\000f\000\040\000P\000r\000o\000p\000o\000s\000i\000t\000i\000o\000n\000\040\0004\000.\0002}{section.4.5}% 82
\BOOKMARK [2][-]{subsection.4.5.4}{\376\377\000P\000r\000o\000o\000f\000\040\000o\000f\000\040\000P\000r\000o\000p\000o\000s\000i\000t\000i\000o\000n\000\040\0004\000.\0003}{section.4.5}% 83
\BOOKMARK [2][-]{subsection.4.5.5}{\376\377\000P\000r\000o\000o\000f\000\040\000o\000f\000\040\000P\000r\000o\000p\000o\000s\000i\000t\000i\000o\000n\000\040\0004\000.\0004}{section.4.5}% 84
\BOOKMARK [0][-]{chapter.5}{\376\377\000S\000e\000n\000s\000i\000t\000i\000v\000i\000t\000y\000\040\000o\000f\000\040\000D\000e\000n\000s\000i\000t\000y\000\040\000E\000s\000t\000i\000m\000a\000t\000o\000r\000s\000\040\000v\000i\000a\000\040\000I\000n\000f\000l\000u\000e\000n\000c\000e\000\040\000F\000u\000n\000c\000t\000i\000o\000n\000s}{}% 85
\BOOKMARK [1][-]{section.5.1}{\376\377\000A\000\040\000R\000e\000v\000i\000e\000w\000\040\000o\000f\000\040\000I\000n\000f\000l\000u\000e\000n\000c\000e\000\040\000F\000u\000n\000c\000t\000i\000o\000n\000\040\000a\000n\000d\000\040\000I\000t\000s\000\040\000A\000p\000p\000l\000i\000c\000a\000t\000i\000o\000n\000s}{chapter.5}% 86
\BOOKMARK [1][-]{section.5.2}{\376\377\000E\000x\000t\000e\000n\000s\000i\000o\000n\000\040\000o\000f\000\040\000I\000n\000f\000l\000u\000e\000n\000c\000e\000\040\000F\000u\000n\000c\000t\000i\000o\000n\000\040\000i\000n\000\040\000D\000e\000n\000s\000i\000t\000y\000\040\000E\000s\000t\000i\000m\000a\000t\000i\000o\000n}{chapter.5}% 87
\BOOKMARK [1][-]{section.5.3}{\376\377\000I\000n\000f\000l\000u\000e\000n\000c\000e\000\040\000F\000u\000n\000c\000t\000i\000o\000n\000s\000\040\000o\000f\000\040\000D\000e\000n\000s\000i\000t\000y\000\040\000P\000r\000o\000j\000e\000c\000t\000i\000o\000n\000s\000\040\000i\000n\000\040\000a\000\040\000F\000i\000n\000i\000t\000e\000-\000d\000i\000m\000e\000n\000s\000i\000o\000n\000a\000l\000\040\000E\000x\000p\000o\000n\000e\000n\000t\000i\000a\000l\000\040\000F\000a\000m\000i\000l\000y}{chapter.5}% 88
\BOOKMARK [1][-]{section.5.4}{\376\377\000I\000n\000f\000l\000u\000e\000n\000c\000e\000\040\000F\000u\000n\000c\000t\000i\000o\000n\000s\000\040\000o\000f\000\040\000D\000e\000n\000s\000i\000t\000y\000\040\000P\000r\000o\000j\000e\000c\000t\000i\000o\000n\000s\000\040\000i\000n\000\040\000a\000\040\000K\000e\000r\000n\000e\000l\000\040\000E\000x\000p\000o\000n\000e\000n\000t\000i\000a\000l\000\040\000F\000a\000m\000i\000l\000y}{chapter.5}% 89
\BOOKMARK [1][-]{section.5.5}{\376\377\000P\000r\000o\000o\000f\000s}{chapter.5}% 90
\BOOKMARK [2][-]{subsection.5.5.1}{\376\377\000P\000r\000o\000o\000f\000\040\000o\000f\000\040\000P\000r\000o\000p\000o\000s\000i\000t\000i\000o\000n\000\040\0005\000.\0001}{section.5.5}% 91
\BOOKMARK [2][-]{subsection.5.5.2}{\376\377\000P\000r\000o\000o\000f\000\040\000o\000f\000\040\000P\000r\000o\000p\000o\000s\000i\000t\000i\000o\000n\000\040\0005\000.\0002}{section.5.5}% 92
\BOOKMARK [2][-]{subsection.5.5.3}{\376\377\000P\000r\000o\000o\000f\000\040\000o\000f\000\040\000T\000h\000e\000o\000r\000e\000m\000\040\0005\000.\0001}{section.5.5}% 93
\BOOKMARK [2][-]{subsection.5.5.4}{\376\377\000P\000r\000o\000o\000f\000\040\000o\000f\000\040\000T\000h\000e\000o\000r\000e\000m\000\040\0005\000.\0002}{section.5.5}% 94
\BOOKMARK [0][-]{chapter.6}{\376\377\000N\000u\000m\000e\000r\000i\000c\000a\000l\000\040\000E\000x\000a\000m\000p\000l\000e\000s\000\040\000o\000f\000\040\000S\000e\000n\000s\000i\000t\000i\000v\000i\000t\000y\000\040\000o\000f\000\040\000D\000e\000n\000s\000i\000t\000y\000\040\000E\000s\000t\000i\000m\000a\000t\000o\000r\000s}{}% 95
\BOOKMARK [1][-]{section.6.1}{\376\377\000C\000o\000m\000p\000a\000r\000i\000s\000o\000n\000\040\000o\000f\000\040\000t\000h\000e\000\040\000S\000e\000n\000s\000i\000t\000i\000v\000i\000t\000i\000e\000s\000\040\000o\000f\000\040\000P\000e\000n\000a\000l\000i\000z\000e\000d\000\040\000M\000a\000x\000i\000m\000u\000m\000\040\000L\000i\000k\000e\000l\000i\000h\000o\000o\000d\000\040\000a\000n\000d\000\040\000S\000c\000o\000r\000e\000\040\000M\000a\000t\000c\000h\000i\000n\000g\000\040\000D\000e\000n\000s\000i\000t\000y\000\040\000E\000s\000t\000i\000m\000a\000t\000o\000r\000s}{chapter.6}% 96
\BOOKMARK [2][-]{subsection.6.1.1}{\376\377\000C\000o\000m\000p\000u\000t\000a\000t\000i\000o\000n\000\040\000o\000f\000\040\000t\000h\000e\000\040\000S\000a\000m\000p\000l\000e\000\040\000I\000n\000f\000l\000u\000e\000n\000c\000e\000\040\000F\000u\000n\000c\000t\000i\000o\000n}{section.6.1}% 97
\BOOKMARK [2][-]{subsection.6.1.2}{\376\377\000C\000o\000m\000p\000a\000r\000i\000s\000o\000n\000\040\000o\000f\000\040\000t\000h\000e\000\040\000S\000a\000m\000p\000l\000e\000\040\000I\000n\000f\000l\000u\000e\000n\000c\000e\000\040\000F\000u\000n\000c\000t\000i\000o\000n\000s\000\040\000o\000f\000\040\000L\000o\000g\000-\000d\000e\000n\000s\000i\000t\000y\000\040\000a\000n\000d\000\040\000D\000e\000n\000s\000i\000t\000y\000\040\000E\000s\000t\000i\000m\000a\000t\000o\000r\000s}{section.6.1}% 98
\BOOKMARK [2][-]{subsection.6.1.3}{\376\377\000C\000o\000m\000p\000a\000r\000i\000s\000o\000n\000\040\000o\000f\000\040\000t\000h\000e\000\040\000S\000e\000n\000s\000i\000t\000i\000v\000i\000t\000i\000e\000s}{section.6.1}% 99
\BOOKMARK [1][-]{section.6.2}{\376\377\000T\000h\000e\000\040\000S\000e\000n\000s\000i\000t\000i\000v\000i\000t\000y\000\040\000o\000f\000\040\000K\000-\000f\000o\000l\000d\000\040\000C\000r\000o\000s\000s\000-\000v\000a\000l\000i\000d\000a\000t\000e\000d\000\040\000P\000e\000n\000a\000l\000i\000z\000e\000d\000\040\000S\000c\000o\000r\000e\000\040\000M\000a\000t\000c\000h\000i\000n\000g\000\040\000D\000e\000n\000s\000i\000t\000y\000\040\000E\000s\000t\000i\000m\000a\000t\000o\000r}{chapter.6}% 100
\BOOKMARK [1][-]{section.6.3}{\376\377\000W\000h\000i\000c\000h\000\040\000O\000n\000e\000\040\000t\000o\000\040\000U\000s\000e\000:\000\040\000R\000e\000g\000u\000l\000a\000r\000i\000z\000e\000d\000\040\000M\000a\000x\000i\000m\000u\000m\000\040\000L\000i\000k\000e\000l\000i\000h\000o\000o\000d\000\040\000o\000r\000\040\000S\000c\000o\000r\000e\000\040\000M\000a\000t\000c\000h\000i\000n\000g\000\040\000D\000e\000n\000s\000i\000t\000y\000\040\000E\000s\000t\000i\000m\000a\000t\000o\000r\000s\000?}{chapter.6}% 101
\BOOKMARK [0][-]{chapter.7}{\376\377\000S\000u\000m\000m\000a\000r\000y\000\040\000a\000n\000d\000\040\000F\000u\000t\000u\000r\000e\000\040\000D\000i\000r\000e\000c\000t\000i\000o\000n\000s}{}% 102
\BOOKMARK [1][-]{section.7.1}{\376\377\000S\000u\000m\000m\000a\000r\000y}{chapter.7}% 103
\BOOKMARK [1][-]{section.7.2}{\376\377\000F\000u\000t\000u\000r\000e\000\040\000D\000i\000r\000e\000c\000t\000i\000o\000n\000s}{chapter.7}% 104
\BOOKMARK [-1][-]{appendix.A}{\376\377\000A\000p\000p\000e\000n\000d\000i\000c\000e\000s}{}% 105
\BOOKMARK [0][-]{section*.26}{\376\377\000M\000a\000t\000h\000\040\000B\000a\000c\000k\000g\000r\000o\000u\000n\000d}{appendix.A}% 106
\BOOKMARK [1][-]{section.A.1}{\376\377\000F\000r\000\351\000c\000h\000e\000t\000\040\000D\000i\000f\000f\000e\000r\000e\000n\000t\000i\000a\000b\000i\000l\000i\000t\000y\000\040\000a\000n\000d\000\040\000D\000e\000r\000i\000v\000a\000t\000i\000v\000e}{appendix.A}% 107
\BOOKMARK [1][-]{section.A.2}{\376\377\000B\000o\000c\000h\000n\000e\000r\000\040\000I\000n\000t\000e\000g\000r\000a\000l}{appendix.A}% 108
\BOOKMARK [1][-]{section.A.3}{\376\377\000P\000a\000r\000t\000i\000a\000l\000\040\000D\000e\000r\000i\000v\000a\000t\000i\000v\000e\000s\000\040\000o\000f\000\040\000a\000\040\000K\000e\000r\000n\000e\000l\000\040\000F\000u\000n\000c\000t\000i\000o\000n}{appendix.A}% 109
\BOOKMARK [1][-]{section.A.4}{\376\377\000S\000o\000m\000e\000\040\000T\000h\000e\000o\000r\000i\000e\000s\000\040\000o\000n\000\040\000B\000o\000u\000n\000d\000e\000d\000\040\000L\000i\000n\000e\000a\000r\000\040\000O\000p\000e\000r\000a\000t\000o\000r\000s}{appendix.A}% 110
